{"id":10,"url":"http://outbreaks.globalincidentmap.com/eventdetail.php?ID=34339","headline":"INDIANA - Indiana Reports Fourth Coronavirus Death","body":"[wndu.com] INDIANA - Indiana reports fourth coronavirus death ''A fourth Hoosier has died from the coronavirus, according to the Indiana State Department of Health. The patient is an adult resident of Delaware County over the age of 60 who had been hospitalized.'' Read the full article: https://www.wndu.com/content/news/Indiana-reports-fourth-coronavirus-death-568996971.html","date_of_publication":"2020-03-21 05:05:00"}