{"id":37,"url":"http://outbreaks.globalincidentmap.com/eventdetail.php?ID=34335","headline":"ITALY  - Italy Announces 627 Coronavirus Deaths In 24 Hours","body":"[aljazeera.com] ITALY  - Italy announces 627 coronavirus deaths in 24 hours \"Italy announced 627 more deaths on Friday, the biggest day-to-day increase in the country's four-week epidemic, a day after surpassing China's death toll. The total number of deaths in Italy reached 4,032. \" Read the full article: https://www.aljazeera.com/news/2020/03/coronavirus-live-updates-italy-overtakes-china-death-toll-200319224219279.html","date_of_publication":"2020-03-20 02:53:00"}